// Jest Snapshot v1, https://goo.gl/fbAQLP

exports[`Tests in <LoginScreen /> should be displayed correctly 1`] = `
<div
  className="login-container"
>
  <div
    className="container"
  >
    <div
      className="row"
    >
      <div
        className="col-md-6 login-form-1"
      >
        <h3>
          Log in
        </h3>
        <form
          onSubmit={[Function]}
        >
          <div
            className="form-group"
          >
            <input
              className="form-control"
              name="loginEmail"
              onChange={[Function]}
              placeholder="Email"
              type="text"
              value=""
            />
          </div>
          <div
            className="form-group"
          >
            <input
              className="form-control"
              name="loginPassword"
              onChange={[Function]}
              placeholder="Password"
              type="password"
              value=""
            />
            <p
              className="helpTextLogin"
            >
              The password must be at least 6 characters long.
            </p>
          </div>
          <div
            className="form-group"
          >
            <input
              className="btnSubmit"
              type="submit"
              value="Login"
            />
          </div>
        </form>
      </div>
      <div
        className="col-md-6 login-form-2"
      >
        <h3>
          Sign in
        </h3>
        <form
          onSubmit={[Function]}
        >
          <div
            className="form-group"
          >
            <input
              className="form-control"
              name="registerName"
              onChange={[Function]}
              placeholder="Name"
              type="text"
              value=""
            />
          </div>
          <div
            className="form-group"
          >
            <input
              className="form-control"
              name="registerEmail"
              onChange={[Function]}
              placeholder="Email"
              type="email"
              value=""
            />
          </div>
          <div
            className="form-group"
          >
            <input
              className="form-control"
              name="registerPassword1"
              onChange={[Function]}
              placeholder="Password"
              type="password"
              value=""
            />
          </div>
          <div
            className="form-group"
          >
            <input
              className="form-control"
              name="registerPassword2"
              onChange={[Function]}
              placeholder="Repeat password"
              type="password"
              value=""
            />
            <p
              className="helpTextRgister"
            >
              The password must be at least 6 characters long.
            </p>
          </div>
          <div
            className="form-group"
          >
            <input
              className="btnSubmit"
              type="submit"
              value="Create account"
            />
          </div>
        </form>
      </div>
    </div>
  </div>
</div>
`;
